Insertion
                         Count       Total bp
           5-10 bp:       5611          37273
          10-50 bp:       4733          86789
         50-100 bp:        235          15232
      100-1,000 bp:        205          83533
   1,000-10,000 bp:        124         399969
             Total:      10908         622796

Deletion
                         Count       Total bp
           5-10 bp:       5561          37151
          10-50 bp:       4550          83193
         50-100 bp:        223          14189
      100-1,000 bp:        213          87656
   1,000-10,000 bp:        108         337821
             Total:      10655         560010

Tandem_expansion
                         Count       Total bp
           5-10 bp:          0              0
          10-50 bp:          4            151
         50-100 bp:          6            450
      100-1,000 bp:         23           7393
   1,000-10,000 bp:         15          48757
             Total:         48          56751

Tandem_contraction
                         Count       Total bp
           5-10 bp:          0              0
          10-50 bp:          0              0
         50-100 bp:          7            503
      100-1,000 bp:         20           6111
   1,000-10,000 bp:         13          43176
             Total:         40          49790

Repeat_expansion
                         Count       Total bp
           5-10 bp:          4             24
          10-50 bp:         35            995
         50-100 bp:         30           2207
      100-1,000 bp:        269         119654
   1,000-10,000 bp:        362        1359136
             Total:        700        1482016

Repeat_contraction
                         Count       Total bp
           5-10 bp:          5             36
          10-50 bp:         31            879
         50-100 bp:         35           2466
      100-1,000 bp:        275         130605
   1,000-10,000 bp:        338        1308063
             Total:        684        1442049

Total number of all variants: 23,035
Total bases affected by all variants: 4,213,412 bp
Total number of structural variants: 2,501
Total bases affected by structural variants: 3,966,921 bp
