Insertion
                         Count       Total bp
           5-10 bp:        368           2353
          10-50 bp:        196           3319
         50-100 bp:         12            787
      100-1,000 bp:          9           4431
   1,000-10,000 bp:         37         171367
             Total:        622         182257

Deletion
                         Count       Total bp
           5-10 bp:        185           1257
          10-50 bp:        179           3530
         50-100 bp:         15           1042
      100-1,000 bp:          4            898
   1,000-10,000 bp:          9          49289
             Total:        392          56016

Tandem_expansion
                         Count       Total bp
           5-10 bp:          6             43
          10-50 bp:         17            358
         50-100 bp:          0              0
      100-1,000 bp:         21          10325
   1,000-10,000 bp:         53         244141
             Total:         97         254867

Tandem_contraction
                         Count       Total bp
           5-10 bp:         20            148
          10-50 bp:         12            168
         50-100 bp:          1             89
      100-1,000 bp:          6           2372
   1,000-10,000 bp:         10          55228
             Total:         49          58005

Repeat_expansion
                         Count       Total bp
           5-10 bp:          0              0
          10-50 bp:          1             39
         50-100 bp:          0              0
      100-1,000 bp:          8           4328
   1,000-10,000 bp:          9          44359
             Total:         18          48726

Repeat_contraction
                         Count       Total bp
           5-10 bp:          0              0
          10-50 bp:          1             13
         50-100 bp:          0              0
      100-1,000 bp:          5           2956
   1,000-10,000 bp:          5          33957
             Total:         11          36926

Total number of all variants: 1,189
Total bases affected by all variants: 636,797 bp
Total number of structural variants: 204
Total bases affected by structural variants: 625,569 bp
